Copyright 1986-2015 Xilinx, Inc. All Rights Reserved.
-------------------------------------------------------------------------------------------------
| Tool Version : Vivado v.2015.4 (lin64) Build 1412921 Wed Nov 18 09:44:32 MST 2015
| Date         : Thu Aug 25 18:50:45 2016
| Host         : fpgaserv running 64-bit Ubuntu 14.04.4 LTS
| Command      : report_utilization -file top_utilization_synth.rpt -pb top_utilization_synth.pb
| Design       : top
| Device       : 7vx485tffg1761-2
| Design State : Synthesized
-------------------------------------------------------------------------------------------------

Utilization Design Information

Table of Contents
-----------------
1. Slice Logic
1.1 Summary of Registers by Type
2. Memory
3. DSP
4. IO and GT Specific
5. Clocking
6. Specific Feature
7. Primitives
8. Black Boxes
9. Instantiated Netlists

1. Slice Logic
--------------

+----------------------------+-------+-------+-----------+-------+
|          Site Type         |  Used | Fixed | Available | Util% |
+----------------------------+-------+-------+-----------+-------+
| Slice LUTs*                | 30403 |     0 |    303600 | 10.01 |
|   LUT as Logic             | 25394 |     0 |    303600 |  8.36 |
|   LUT as Memory            |  5009 |     0 |    130800 |  3.83 |
|     LUT as Distributed RAM |  4342 |     0 |           |       |
|     LUT as Shift Register  |   667 |     0 |           |       |
| Slice Registers            | 28200 |     0 |    607200 |  4.64 |
|   Register as Flip Flop    | 28200 |     0 |    607200 |  4.64 |
|   Register as Latch        |     0 |     0 |    607200 |  0.00 |
| F7 Muxes                   |   816 |     0 |    151800 |  0.54 |
| F8 Muxes                   |   205 |     0 |     75900 |  0.27 |
+----------------------------+-------+-------+-----------+-------+
* Warning! The Final LUT count, after physical optimizations and full implementation, is typically lower. Run opt_design after synthesis, if not already completed, for a more realistic count.


1.1 Summary of Registers by Type
--------------------------------

+-------+--------------+-------------+--------------+
| Total | Clock Enable | Synchronous | Asynchronous |
+-------+--------------+-------------+--------------+
| 0     |            _ |           - |            - |
| 0     |            _ |           - |          Set |
| 0     |            _ |           - |        Reset |
| 0     |            _ |         Set |            - |
| 0     |            _ |       Reset |            - |
| 0     |          Yes |           - |            - |
| 92    |          Yes |           - |          Set |
| 98    |          Yes |           - |        Reset |
| 605   |          Yes |         Set |            - |
| 27405 |          Yes |       Reset |            - |
+-------+--------------+-------------+--------------+


2. Memory
---------

+-------------------+------+-------+-----------+-------+
|     Site Type     | Used | Fixed | Available | Util% |
+-------------------+------+-------+-----------+-------+
| Block RAM Tile    | 70.5 |     0 |      1030 |  6.84 |
|   RAMB36/FIFO*    |   62 |     0 |      1030 |  6.02 |
|     RAMB36E1 only |   62 |       |           |       |
|   RAMB18          |   17 |     0 |      2060 |  0.83 |
|     RAMB18E1 only |   17 |       |           |       |
+-------------------+------+-------+-----------+-------+
* Note: Each Block RAM Tile only has one FIFO logic available and therefore can accommodate only one FIFO36E1 or one FIFO18E1. However, if a FIFO18E1 occupies a Block RAM Tile, that tile can still accommodate a RAMB18E1


3. DSP
------

+-----------+------+-------+-----------+-------+
| Site Type | Used | Fixed | Available | Util% |
+-----------+------+-------+-----------+-------+
| DSPs      |    0 |     0 |      2800 |  0.00 |
+-----------+------+-------+-----------+-------+


4. IO and GT Specific
---------------------

+-----------------------------+------+-------+-----------+-------+
|          Site Type          | Used | Fixed | Available | Util% |
+-----------------------------+------+-------+-----------+-------+
| Bonded IOB                  |  155 |     0 |       700 | 22.14 |
| Bonded IPADs                |    2 |     0 |        86 |  2.33 |
| Bonded OPADs                |    0 |     0 |        56 |  0.00 |
| PHY_CONTROL                 |    3 |     0 |        14 | 21.43 |
| PHASER_REF                  |    3 |     0 |        14 | 21.43 |
| OUT_FIFO                    |   11 |     0 |        56 | 19.64 |
| IN_FIFO                     |    8 |     0 |        56 | 14.29 |
| IDELAYCTRL                  |    2 |     0 |        14 | 14.29 |
| IBUFGDS                     |    0 |     0 |       672 |  0.00 |
| GTXE2_COMMON                |    0 |     0 |         7 |  0.00 |
| GTXE2_CHANNEL               |    0 |     0 |        28 |  0.00 |
| PHASER_OUT/PHASER_OUT_PHY   |   11 |     0 |        56 | 19.64 |
|   PHASER_OUT_PHY only       |   11 |     0 |           |       |
| PHASER_IN/PHASER_IN_PHY     |    8 |     0 |        56 | 14.29 |
|   PHASER_IN_PHY only        |    8 |     0 |           |       |
| IDELAYE2/IDELAYE2_FINEDELAY |   64 |     0 |       700 |  9.14 |
|   IDELAYE2_FINEDELAY only   |   64 |     0 |           |       |
| ODELAYE2/ODELAYE2_FINEDELAY |    0 |     0 |       700 |  0.00 |
| IBUFDS_GTE2                 |    1 |     0 |        28 |  3.57 |
| ILOGIC                      |   72 |     0 |       700 | 10.29 |
|   ISERDES                   |   64 |       |           |       |
|   IDDR                      |    8 |       |           |       |
| OLOGIC                      |  122 |     0 |       700 | 17.43 |
|   OSERDES                   |  105 |       |           |       |
|   ODDR                      |   17 |       |           |       |
+-----------------------------+------+-------+-----------+-------+


5. Clocking
-----------

+------------+------+-------+-----------+-------+
|  Site Type | Used | Fixed | Available | Util% |
+------------+------+-------+-----------+-------+
| BUFGCTRL   |    4 |     0 |        32 | 12.50 |
| BUFIO      |    0 |     0 |        56 |  0.00 |
| MMCME2_ADV |    2 |     0 |        14 | 14.29 |
| PLLE2_ADV  |    1 |     0 |        14 |  7.14 |
| BUFMRCE    |    0 |     0 |        28 |  0.00 |
| BUFHCE     |    2 |     0 |       168 |  1.19 |
| BUFR       |    0 |     0 |        56 |  0.00 |
+------------+------+-------+-----------+-------+


6. Specific Feature
-------------------

+-------------+------+-------+-----------+--------+
|  Site Type  | Used | Fixed | Available |  Util% |
+-------------+------+-------+-----------+--------+
| BSCANE2     |    0 |     0 |         4 |   0.00 |
| CAPTUREE2   |    0 |     0 |         1 |   0.00 |
| DNA_PORT    |    0 |     0 |         1 |   0.00 |
| EFUSE_USR   |    0 |     0 |         1 |   0.00 |
| FRAME_ECCE2 |    0 |     0 |         1 |   0.00 |
| ICAPE2      |    0 |     0 |         2 |   0.00 |
| PCIE_2_1    |    0 |     0 |         4 |   0.00 |
| STARTUPE2   |    0 |     0 |         1 |   0.00 |
| XADC        |    1 |     0 |         1 | 100.00 |
+-------------+------+-------+-----------+--------+


7. Primitives
-------------

+------------------------+-------+---------------------+
|        Ref Name        |  Used | Functional Category |
+------------------------+-------+---------------------+
| FDRE                   | 27405 |        Flop & Latch |
| LUT3                   | 11602 |                 LUT |
| LUT4                   |  7345 |                 LUT |
| RAMD32                 |  6458 |  Distributed Memory |
| LUT6                   |  6072 |                 LUT |
| LUT5                   |  3919 |                 LUT |
| LUT2                   |  3054 |                 LUT |
| RAMS32                 |  2152 |  Distributed Memory |
| LUT1                   |  1637 |                 LUT |
| CARRY4                 |  1254 |          CarryLogic |
| MUXF7                  |   816 |               MuxFx |
| SRL16E                 |   667 |  Distributed Memory |
| FDSE                   |   605 |        Flop & Latch |
| MUXF8                  |   205 |               MuxFx |
| OSERDESE2              |   105 |                  IO |
| FDCE                   |    98 |        Flop & Latch |
| FDPE                   |    92 |        Flop & Latch |
| OBUFT_DCIEN            |    64 |                  IO |
| ISERDESE2              |    64 |                  IO |
| IDELAYE2_FINEDELAY     |    64 |                  IO |
| IBUF_IBUFDISABLE       |    64 |                  IO |
| RAMB36E1               |    62 |        Block Memory |
| OBUF                   |    42 |                  IO |
| RAMD64E                |    36 |  Distributed Memory |
| IBUF                   |    19 |                  IO |
| RAMB18E1               |    17 |        Block Memory |
| ODDR                   |    17 |                  IO |
| OBUFTDS_DCIEN          |    16 |                  IO |
| IBUFDS_IBUFDISABLE_INT |    16 |                  IO |
| OBUFT                  |    12 |                  IO |
| PHASER_OUT_PHY         |    11 |                  IO |
| OUT_FIFO               |    11 |                  IO |
| INV                    |     9 |                 LUT |
| PHASER_IN_PHY          |     8 |                  IO |
| IN_FIFO                |     8 |                  IO |
| IDDR                   |     8 |                  IO |
| BUFG                   |     4 |               Clock |
| PHY_CONTROL            |     3 |                  IO |
| PHASER_REF             |     3 |                  IO |
| OBUFDS                 |     2 |                  IO |
| MMCME2_ADV             |     2 |               Clock |
| IDELAYCTRL             |     2 |                  IO |
| BUFH                   |     2 |               Clock |
| XADC                   |     1 |              Others |
| PLLE2_ADV              |     1 |               Clock |
| IBUFDS_GTE2            |     1 |                  IO |
| IBUFDS                 |     1 |                  IO |
+------------------------+-------+---------------------+


8. Black Boxes
--------------

+-----------------+------+
|     Ref Name    | Used |
+-----------------+------+
| PCIeGen2x8If128 |    1 |
+-----------------+------+


9. Instantiated Netlists
------------------------

+----------+------+
| Ref Name | Used |
+----------+------+


