#-----------------------------------------------------------
# Vivado v2015.4 (64-bit)
# SW Build 1412921 on Wed Nov 18 09:44:32 MST 2015
# IP Build 1412160 on Tue Nov 17 13:47:24 MST 2015
# Start of session at: Wed Aug 24 17:54:14 2016
# Process ID: 22930
# Current directory: /home/kobayashi/PCIe_test/branches/IEICE/4-way/vivado
# Command line: vivado vivado.xpr
# Log file: /home/kobayashi/PCIe_test/branches/IEICE/4-way/vivado/vivado.log
# Journal file: /home/kobayashi/PCIe_test/branches/IEICE/4-way/vivado/vivado.jou
#-----------------------------------------------------------
start_gui
open_project vivado.xpr
open_hw
connect_hw_server
open_hw_target
set_property PROGRAM.FILE {/home/kobayashi/PCIe_test/branches/IEICE/4-way/vivado/vivado.runs/impl_1/top.bit} [lindex [get_hw_devices] 0]
current_hw_device [lindex [get_hw_devices] 0]
refresh_hw_device -update_hw_probes false [lindex [get_hw_devices] 0]
set_property PROBES.FILE {} [lindex [get_hw_devices] 0]
set_property PROGRAM.FILE {/home/kobayashi/PCIe_test/branches/IEICE/4-way/vivado/vivado.runs/impl_1/top.bit} [lindex [get_hw_devices] 0]
program_hw_devices [lindex [get_hw_devices] 0]
refresh_hw_device [lindex [get_hw_devices] 0]
